[     200ms] [INFO] %cDownload the React DevTools for a better development experience: https://react.dev/link/react-devtools font-weight:bold @ http://demo.localhost:3004/_next/static/chunks/2f5e6_next_dist_compiled_react-dom_8bcaacca._.js:14537
[     440ms] [LOG] [Fast Refresh] rebuilding @ http://demo.localhost:3004/_next/static/chunks/2f5e6_next_dist_client_cf1dfaa0._.js:5949
[     967ms] [ERROR] Failed to load resource: the server responded with a status of 401 (Unauthorized) @ http://demo.localhost:3004/api/onboarding/school-info:0
[     974ms] [ERROR] Failed to load resource: the server responded with a status of 401 (Unauthorized) @ http://demo.localhost:3004/api/auth/permissions:0
[    1010ms] [LOG] [Fast Refresh] done in 670ms @ http://demo.localhost:3004/_next/static/chunks/2f5e6_next_dist_client_cf1dfaa0._.js:5809
[    1111ms] [LOG] [Fast Refresh] rebuilding @ http://demo.localhost:3004/_next/static/chunks/2f5e6_next_dist_client_cf1dfaa0._.js:5949
[    1177ms] [LOG] [Fast Refresh] done in 166ms @ http://demo.localhost:3004/_next/static/chunks/2f5e6_next_dist_client_cf1dfaa0._.js:5809
[    1787ms] [ERROR] Failed to load resource: the server responded with a status of 401 (Unauthorized) @ http://demo.localhost:3004/api/tickets?limit=10:0
[    1788ms] [ERROR] Failed to load resource: the server responded with a status of 401 (Unauthorized) @ http://demo.localhost:3004/api/settings/users:0
[    1789ms] [ERROR] Failed to load resource: the server responded with a status of 401 (Unauthorized) @ http://demo.localhost:3004/api/calendars:0
[    1790ms] [ERROR] Failed to load resource: the server responded with a status of 401 (Unauthorized) @ http://demo.localhost:3004/api/settings/permissions:0
[    1791ms] [ERROR] Failed to load resource: the server responded with a status of 401 (Unauthorized) @ http://demo.localhost:3004/api/settings/teams:0
[    1798ms] [ERROR] Failed to load resource: the server responded with a status of 401 (Unauthorized) @ http://demo.localhost:3004/api/settings/roles:0
[    1925ms] [LOG] [Fast Refresh] rebuilding @ http://demo.localhost:3004/_next/static/chunks/2f5e6_next_dist_client_cf1dfaa0._.js:5949
[    2138ms] [LOG] [Fast Refresh] done in 313ms @ http://demo.localhost:3004/_next/static/chunks/2f5e6_next_dist_client_cf1dfaa0._.js:5809
[    2532ms] [ERROR] Failed to load resource: the server responded with a status of 401 (Unauthorized) @ http://demo.localhost:3004/api/athletics/sports:0
[    2533ms] [ERROR] Failed to load resource: the server responded with a status of 401 (Unauthorized) @ http://demo.localhost:3004/api/athletics/seasons:0
[    2534ms] [ERROR] Failed to load resource: the server responded with a status of 401 (Unauthorized) @ http://demo.localhost:3004/api/settings/campus/campuses:0
[    2534ms] [ERROR] Failed to load resource: the server responded with a status of 401 (Unauthorized) @ http://demo.localhost:3004/api/athletics/dashboard:0
[    2539ms] [ERROR] Failed to load resource: the server responded with a status of 500 (Internal Server Error) @ http://demo.localhost:3004/api/modules:0
[    2547ms] [ERROR] Failed to load resource: the server responded with a status of 401 (Unauthorized) @ http://demo.localhost:3004/api/athletics/teams:0
[    2678ms] [LOG] [Fast Refresh] rebuilding @ http://demo.localhost:3004/_next/static/chunks/2f5e6_next_dist_client_cf1dfaa0._.js:5949
[    2815ms] [LOG] [Fast Refresh] done in 238ms @ http://demo.localhost:3004/_next/static/chunks/2f5e6_next_dist_client_cf1dfaa0._.js:5809
[    2881ms] [ERROR] Failed to load resource: the server responded with a status of 401 (Unauthorized) @ http://demo.localhost:3004/api/auth/permissions:0
[    2884ms] [ERROR] Failed to load resource: the server responded with a status of 401 (Unauthorized) @ http://demo.localhost:3004/api/onboarding/school-info:0
[    3008ms] [LOG] [Fast Refresh] rebuilding @ http://demo.localhost:3004/_next/static/chunks/2f5e6_next_dist_client_cf1dfaa0._.js:5949
[    3012ms] [LOG] [Fast Refresh] done in 106ms @ http://demo.localhost:3004/_next/static/chunks/2f5e6_next_dist_client_cf1dfaa0._.js:5809
[    3045ms] [ERROR] Failed to load resource: the server responded with a status of 401 (Unauthorized) @ http://demo.localhost:3004/api/athletics/games:0
[    3105ms] [ERROR] Failed to load resource: the server responded with a status of 401 (Unauthorized) @ http://demo.localhost:3004/api/athletics/roster:0
[    3106ms] [ERROR] Failed to load resource: the server responded with a status of 401 (Unauthorized) @ http://demo.localhost:3004/api/athletics/tournaments:0
[    3106ms] [ERROR] Failed to load resource: the server responded with a status of 401 (Unauthorized) @ http://demo.localhost:3004/api/athletics/practices:0
[    3217ms] [ERROR] Failed to load resource: the server responded with a status of 401 (Unauthorized) @ http://demo.localhost:3004/api/tickets?limit=10:0
[    3222ms] [ERROR] Failed to load resource: the server responded with a status of 401 (Unauthorized) @ http://demo.localhost:3004/api/settings/users:0
[    3250ms] [LOG] [Fast Refresh] rebuilding @ http://demo.localhost:3004/_next/static/chunks/2f5e6_next_dist_client_cf1dfaa0._.js:5949
[    3259ms] [LOG] [Fast Refresh] done in 110ms @ http://demo.localhost:3004/_next/static/chunks/2f5e6_next_dist_client_cf1dfaa0._.js:5809
[    3449ms] [INFO] %cDownload the React DevTools for a better development experience: https://react.dev/link/react-devtools font-weight:bold @ http://demo.localhost:3004/_next/static/chunks/2f5e6_next_dist_compiled_react-dom_8bcaacca._.js:14537
[   21904ms] [LOG] [Fast Refresh] rebuilding @ http://demo.localhost:3004/_next/static/chunks/2f5e6_next_dist_client_cf1dfaa0._.js:5949
[   21958ms] [LOG] [Fast Refresh] done in 156ms @ http://demo.localhost:3004/_next/static/chunks/2f5e6_next_dist_client_cf1dfaa0._.js:5809
[   22240ms] [ERROR] Failed to load resource: the server responded with a status of 403 (Forbidden) @ http://demo.localhost:3004/api/auth/login:0
[   22363ms] [LOG] [Fast Refresh] rebuilding @ http://demo.localhost:3004/_next/static/chunks/2f5e6_next_dist_client_cf1dfaa0._.js:5949
[   22650ms] [LOG] [Fast Refresh] done in 387ms @ http://demo.localhost:3004/_next/static/chunks/2f5e6_next_dist_client_cf1dfaa0._.js:5809
[   22690ms] [WARNING] Detected `scroll-behavior: smooth` on the `<html>` element. In a future version, Next.js will no longer automatically disable smooth scrolling during route transitions. To prepare for this change, add `data-scroll-behavior="smooth"` to your <html> element. Learn more: https://nextjs.org/docs/messages/missing-data-scroll-behavior @ http://demo.localhost:3004/_next/static/chunks/2f5e6_next_dist_9fa3f7b9._.js:968
[   22752ms] [LOG] [Fast Refresh] rebuilding @ http://demo.localhost:3004/_next/static/chunks/2f5e6_next_dist_client_cf1dfaa0._.js:5949
[   22771ms] [LOG] [Fast Refresh] done in 120ms @ http://demo.localhost:3004/_next/static/chunks/2f5e6_next_dist_client_cf1dfaa0._.js:5809
