[     219ms] [INFO] %cDownload the React DevTools for a better development experience: https://react.dev/link/react-devtools font-weight:bold @ http://demo.localhost:3004/_next/static/chunks/2f5e6_next_dist_compiled_react-dom_8bcaacca._.js:14537
[     736ms] [ERROR] Failed to load resource: the server responded with a status of 403 (Forbidden) @ http://demo.localhost:3004/api/calendars:0
[    1179ms] [ERROR] Failed to load resource: the server responded with a status of 403 (Forbidden) @ http://demo.localhost:3004/api/athletics/dashboard:0
[    1211ms] [ERROR] Failed to load resource: the server responded with a status of 403 (Forbidden) @ http://demo.localhost:3004/api/athletics/sports:0
[    1608ms] [ERROR] Failed to load resource: the server responded with a status of 403 (Forbidden) @ http://demo.localhost:3004/api/athletics/teams:0
[    1610ms] [ERROR] Failed to load resource: the server responded with a status of 403 (Forbidden) @ http://demo.localhost:3004/api/athletics/seasons:0
[    1611ms] [ERROR] Failed to load resource: the server responded with a status of 403 (Forbidden) @ http://demo.localhost:3004/api/athletics/practices:0
[    1611ms] [ERROR] Failed to load resource: the server responded with a status of 403 (Forbidden) @ http://demo.localhost:3004/api/athletics/games:0
[    1612ms] [ERROR] Failed to load resource: the server responded with a status of 403 (Forbidden) @ http://demo.localhost:3004/api/athletics/tournaments:0
[    1613ms] [ERROR] Failed to load resource: the server responded with a status of 403 (Forbidden) @ http://demo.localhost:3004/api/athletics/roster:0
[    2012ms] [ERROR] Failed to load resource: the server responded with a status of 403 (Forbidden) @ http://demo.localhost:3004/api/calendars:0
[    2503ms] [ERROR] Failed to load resource: the server responded with a status of 403 (Forbidden) @ http://demo.localhost:3004/api/athletics/sports:0
[    2504ms] [ERROR] Failed to load resource: the server responded with a status of 403 (Forbidden) @ http://demo.localhost:3004/api/athletics/dashboard:0
[    3043ms] [ERROR] Failed to load resource: the server responded with a status of 403 (Forbidden) @ http://demo.localhost:3004/api/athletics/teams:0
[    3044ms] [ERROR] Failed to load resource: the server responded with a status of 403 (Forbidden) @ http://demo.localhost:3004/api/athletics/seasons:0
[    3045ms] [ERROR] Failed to load resource: the server responded with a status of 403 (Forbidden) @ http://demo.localhost:3004/api/athletics/roster:0
[    3047ms] [ERROR] Failed to load resource: the server responded with a status of 403 (Forbidden) @ http://demo.localhost:3004/api/athletics/tournaments:0
[    3048ms] [ERROR] Failed to load resource: the server responded with a status of 403 (Forbidden) @ http://demo.localhost:3004/api/athletics/games:0
[    3049ms] [ERROR] Failed to load resource: the server responded with a status of 403 (Forbidden) @ http://demo.localhost:3004/api/athletics/practices:0
[   11006ms] [LOG] [Fast Refresh] rebuilding @ http://demo.localhost:3004/_next/static/chunks/2f5e6_next_dist_client_cf1dfaa0._.js:5949
[   11032ms] [WARNING] Detected `scroll-behavior: smooth` on the `<html>` element. In a future version, Next.js will no longer automatically disable smooth scrolling during route transitions. To prepare for this change, add `data-scroll-behavior="smooth"` to your <html> element. Learn more: https://nextjs.org/docs/messages/missing-data-scroll-behavior @ http://demo.localhost:3004/_next/static/chunks/2f5e6_next_dist_9fa3f7b9._.js:968
[   11034ms] [LOG] [Fast Refresh] done in 138ms @ http://demo.localhost:3004/_next/static/chunks/2f5e6_next_dist_client_cf1dfaa0._.js:5809
[   11436ms] [ERROR] Failed to load resource: the server responded with a status of 403 (Forbidden) @ http://demo.localhost:3004/api/events/projects/pending-gates?gateType=av&countOnly=true:0
[   11440ms] [ERROR] Failed to load resource: the server responded with a status of 403 (Forbidden) @ http://demo.localhost:3004/api/calendar-categories:0
[   11440ms] [ERROR] Failed to load resource: the server responded with a status of 403 (Forbidden) @ http://demo.localhost:3004/api/calendars:0
[   12784ms] [ERROR] Failed to load resource: the server responded with a status of 403 (Forbidden) @ http://demo.localhost:3004/api/events/projects/pending-gates?gateType=av&countOnly=true:0
[   12786ms] [ERROR] Failed to load resource: the server responded with a status of 403 (Forbidden) @ http://demo.localhost:3004/api/calendar-categories:0
[   12787ms] [ERROR] Failed to load resource: the server responded with a status of 403 (Forbidden) @ http://demo.localhost:3004/api/calendars:0
