[     194ms] [LOG] [Fast Refresh] rebuilding @ http://demo.localhost:3004/_next/static/chunks/2f5e6_next_dist_client_cf1dfaa0._.js:5949
[     407ms] [LOG] [Fast Refresh] done in 315ms @ http://demo.localhost:3004/_next/static/chunks/2f5e6_next_dist_client_cf1dfaa0._.js:5809
[     454ms] [INFO] %cDownload the React DevTools for a better development experience: https://react.dev/link/react-devtools font-weight:bold @ http://demo.localhost:3004/_next/static/chunks/2f5e6_next_dist_compiled_react-dom_8bcaacca._.js:14537
[    1240ms] [LOG] [Fast Refresh] rebuilding @ http://demo.localhost:3004/_next/static/chunks/2f5e6_next_dist_client_cf1dfaa0._.js:5949
[    1256ms] [LOG] [Fast Refresh] done in 118ms @ http://demo.localhost:3004/_next/static/chunks/2f5e6_next_dist_client_cf1dfaa0._.js:5809
[63902015ms] [LOG] [Fast Refresh] rebuilding @ http://demo.localhost:3004/_next/static/chunks/2f5e6_next_dist_client_cf1dfaa0._.js:5949
[63902218ms] [LOG] [Fast Refresh] done in 304ms @ http://demo.localhost:3004/_next/static/chunks/2f5e6_next_dist_client_cf1dfaa0._.js:5809
[63913470ms] [LOG] [Fast Refresh] rebuilding @ http://demo.localhost:3004/_next/static/chunks/2f5e6_next_dist_client_cf1dfaa0._.js:5949
[63913838ms] [LOG] [Fast Refresh] done in 228ms @ http://demo.localhost:3004/_next/static/chunks/2f5e6_next_dist_client_cf1dfaa0._.js:5809
[63946216ms] [LOG] [Fast Refresh] rebuilding @ http://demo.localhost:3004/_next/static/chunks/2f5e6_next_dist_client_cf1dfaa0._.js:5949
[63946422ms] [LOG] [Fast Refresh] done in 254ms @ http://demo.localhost:3004/_next/static/chunks/2f5e6_next_dist_client_cf1dfaa0._.js:5809
[63987446ms] [LOG] [Fast Refresh] rebuilding @ http://demo.localhost:3004/_next/static/chunks/2f5e6_next_dist_client_cf1dfaa0._.js:5949
[63987823ms] [LOG] [Fast Refresh] done in 463ms @ http://demo.localhost:3004/_next/static/chunks/2f5e6_next_dist_client_cf1dfaa0._.js:5809
[64022835ms] [LOG] [Fast Refresh] rebuilding @ http://demo.localhost:3004/_next/static/chunks/2f5e6_next_dist_client_cf1dfaa0._.js:5949
[64023215ms] [LOG] [Fast Refresh] done in 464ms @ http://demo.localhost:3004/_next/static/chunks/2f5e6_next_dist_client_cf1dfaa0._.js:5809
[64075578ms] [LOG] [Fast Refresh] rebuilding @ http://demo.localhost:3004/_next/static/chunks/2f5e6_next_dist_client_cf1dfaa0._.js:5949
[64075948ms] [LOG] [Fast Refresh] done in 470ms @ http://demo.localhost:3004/_next/static/chunks/2f5e6_next_dist_client_cf1dfaa0._.js:5809
[64082494ms] [LOG] [Fast Refresh] rebuilding @ http://demo.localhost:3004/_next/static/chunks/2f5e6_next_dist_client_cf1dfaa0._.js:5949
[64082636ms] [LOG] [Fast Refresh] done in 243ms @ http://demo.localhost:3004/_next/static/chunks/2f5e6_next_dist_client_cf1dfaa0._.js:5809
[64088712ms] [LOG] [Fast Refresh] rebuilding @ http://demo.localhost:3004/_next/static/chunks/2f5e6_next_dist_client_cf1dfaa0._.js:5949
[64088843ms] [LOG] [Fast Refresh] done in 231ms @ http://demo.localhost:3004/_next/static/chunks/2f5e6_next_dist_client_cf1dfaa0._.js:5809
[64131726ms] [LOG] [Fast Refresh] rebuilding @ http://demo.localhost:3004/_next/static/chunks/2f5e6_next_dist_client_cf1dfaa0._.js:5949
[64132103ms] [LOG] [Fast Refresh] done in 463ms @ http://demo.localhost:3004/_next/static/chunks/2f5e6_next_dist_client_cf1dfaa0._.js:5809
[64158226ms] [LOG] [Fast Refresh] rebuilding @ http://demo.localhost:3004/_next/static/chunks/2f5e6_next_dist_client_cf1dfaa0._.js:5949
[64158594ms] [LOG] [Fast Refresh] done in 470ms @ http://demo.localhost:3004/_next/static/chunks/2f5e6_next_dist_client_cf1dfaa0._.js:5809
[64178291ms] [LOG] [Fast Refresh] rebuilding @ http://demo.localhost:3004/_next/static/chunks/2f5e6_next_dist_client_cf1dfaa0._.js:5949
[64178493ms] [LOG] [Fast Refresh] done in 268ms @ http://demo.localhost:3004/_next/static/chunks/2f5e6_next_dist_client_cf1dfaa0._.js:5809
[64217166ms] [LOG] [Fast Refresh] rebuilding @ http://demo.localhost:3004/_next/static/chunks/2f5e6_next_dist_client_cf1dfaa0._.js:5949
[64217398ms] [LOG] [Fast Refresh] done in 302ms @ http://demo.localhost:3004/_next/static/chunks/2f5e6_next_dist_client_cf1dfaa0._.js:5809
[64247362ms] [LOG] [Fast Refresh] rebuilding @ http://demo.localhost:3004/_next/static/chunks/2f5e6_next_dist_client_cf1dfaa0._.js:5949
[64247660ms] [LOG] [Fast Refresh] done in 302ms @ http://demo.localhost:3004/_next/static/chunks/2f5e6_next_dist_client_cf1dfaa0._.js:5809
[64264664ms] [LOG] [Fast Refresh] rebuilding @ http://demo.localhost:3004/_next/static/chunks/2f5e6_next_dist_client_cf1dfaa0._.js:5949
[64264879ms] [LOG] [Fast Refresh] done in 276ms @ http://demo.localhost:3004/_next/static/chunks/2f5e6_next_dist_client_cf1dfaa0._.js:5809
