[     127ms] [INFO] %cDownload the React DevTools for a better development experience: https://react.dev/link/react-devtools font-weight:bold @ http://demo.localhost:3004/_next/static/chunks/2f5e6_next_dist_compiled_react-dom_8bcaacca._.js:14537
[    9307ms] [INFO] %cDownload the React DevTools for a better development experience: https://react.dev/link/react-devtools font-weight:bold @ http://demo.localhost:3004/_next/static/chunks/2f5e6_next_dist_compiled_react-dom_8bcaacca._.js:14537
[   11212ms] [INFO] %cDownload the React DevTools for a better development experience: https://react.dev/link/react-devtools font-weight:bold @ http://demo.localhost:3004/_next/static/chunks/2f5e6_next_dist_compiled_react-dom_8bcaacca._.js:14537
[   12492ms] [LOG] [Fast Refresh] rebuilding @ http://demo.localhost:3004/_next/static/chunks/2f5e6_next_dist_client_cf1dfaa0._.js:5949
[   12549ms] [LOG] [Fast Refresh] done in 159ms @ http://demo.localhost:3004/_next/static/chunks/2f5e6_next_dist_client_cf1dfaa0._.js:5809
[   13333ms] [INFO] %cDownload the React DevTools for a better development experience: https://react.dev/link/react-devtools font-weight:bold @ http://demo.localhost:3004/_next/static/chunks/2f5e6_next_dist_compiled_react-dom_8bcaacca._.js:14537
[   15137ms] [INFO] %cDownload the React DevTools for a better development experience: https://react.dev/link/react-devtools font-weight:bold @ http://demo.localhost:3004/_next/static/chunks/2f5e6_next_dist_compiled_react-dom_8bcaacca._.js:14537
[   17083ms] [INFO] %cDownload the React DevTools for a better development experience: https://react.dev/link/react-devtools font-weight:bold @ http://demo.localhost:3004/_next/static/chunks/2f5e6_next_dist_compiled_react-dom_8bcaacca._.js:14537
[   18926ms] [INFO] %cDownload the React DevTools for a better development experience: https://react.dev/link/react-devtools font-weight:bold @ http://demo.localhost:3004/_next/static/chunks/2f5e6_next_dist_compiled_react-dom_8bcaacca._.js:14537
[   19921ms] [ERROR] Failed to load resource: the server responded with a status of 404 (Not Found) @ http://demo.localhost:3004/api/events/projects/new:0
[   21228ms] [INFO] %cDownload the React DevTools for a better development experience: https://react.dev/link/react-devtools font-weight:bold @ http://demo.localhost:3004/_next/static/chunks/2f5e6_next_dist_compiled_react-dom_8bcaacca._.js:14537
[   22886ms] [INFO] %cDownload the React DevTools for a better development experience: https://react.dev/link/react-devtools font-weight:bold @ http://demo.localhost:3004/_next/static/chunks/2f5e6_next_dist_compiled_react-dom_8bcaacca._.js:14537
[   23235ms] [INFO] %cDownload the React DevTools for a better development experience: https://react.dev/link/react-devtools font-weight:bold @ http://demo.localhost:3004/_next/static/chunks/2f5e6_next_dist_compiled_react-dom_8bcaacca._.js:14537
[   23567ms] [INFO] %cDownload the React DevTools for a better development experience: https://react.dev/link/react-devtools font-weight:bold @ http://demo.localhost:3004/_next/static/chunks/2f5e6_next_dist_compiled_react-dom_8bcaacca._.js:14537
[   24002ms] [INFO] %cDownload the React DevTools for a better development experience: https://react.dev/link/react-devtools font-weight:bold @ http://demo.localhost:3004/_next/static/chunks/2f5e6_next_dist_compiled_react-dom_8bcaacca._.js:14537
[   24385ms] [INFO] %cDownload the React DevTools for a better development experience: https://react.dev/link/react-devtools font-weight:bold @ http://demo.localhost:3004/_next/static/chunks/2f5e6_next_dist_compiled_react-dom_8bcaacca._.js:14537
[   24789ms] [INFO] %cDownload the React DevTools for a better development experience: https://react.dev/link/react-devtools font-weight:bold @ http://demo.localhost:3004/_next/static/chunks/2f5e6_next_dist_compiled_react-dom_8bcaacca._.js:14537
[   26589ms] [INFO] %cDownload the React DevTools for a better development experience: https://react.dev/link/react-devtools font-weight:bold @ http://demo.localhost:3004/_next/static/chunks/2f5e6_next_dist_compiled_react-dom_8bcaacca._.js:14537
[   26833ms] [INFO] %cDownload the React DevTools for a better development experience: https://react.dev/link/react-devtools font-weight:bold @ http://demo.localhost:3004/_next/static/chunks/2f5e6_next_dist_compiled_react-dom_8bcaacca._.js:14537
[   27055ms] [INFO] %cDownload the React DevTools for a better development experience: https://react.dev/link/react-devtools font-weight:bold @ http://demo.localhost:3004/_next/static/chunks/2f5e6_next_dist_compiled_react-dom_8bcaacca._.js:14537
[   27201ms] [INFO] %cDownload the React DevTools for a better development experience: https://react.dev/link/react-devtools font-weight:bold @ http://demo.localhost:3004/_next/static/chunks/2f5e6_next_dist_compiled_react-dom_8bcaacca._.js:14537
[   27391ms] [INFO] %cDownload the React DevTools for a better development experience: https://react.dev/link/react-devtools font-weight:bold @ http://demo.localhost:3004/_next/static/chunks/2f5e6_next_dist_compiled_react-dom_8bcaacca._.js:14537
[   27531ms] [INFO] %cDownload the React DevTools for a better development experience: https://react.dev/link/react-devtools font-weight:bold @ http://demo.localhost:3004/_next/static/chunks/2f5e6_next_dist_compiled_react-dom_8bcaacca._.js:14537
[   27704ms] [INFO] %cDownload the React DevTools for a better development experience: https://react.dev/link/react-devtools font-weight:bold @ http://demo.localhost:3004/_next/static/chunks/2f5e6_next_dist_compiled_react-dom_8bcaacca._.js:14537
[   27869ms] [INFO] %cDownload the React DevTools for a better development experience: https://react.dev/link/react-devtools font-weight:bold @ http://demo.localhost:3004/_next/static/chunks/2f5e6_next_dist_compiled_react-dom_8bcaacca._.js:14537
[   28009ms] [INFO] %cDownload the React DevTools for a better development experience: https://react.dev/link/react-devtools font-weight:bold @ http://demo.localhost:3004/_next/static/chunks/2f5e6_next_dist_compiled_react-dom_8bcaacca._.js:14537
[   28204ms] [INFO] %cDownload the React DevTools for a better development experience: https://react.dev/link/react-devtools font-weight:bold @ http://demo.localhost:3004/_next/static/chunks/2f5e6_next_dist_compiled_react-dom_8bcaacca._.js:14537
